\BOOKMARK [1][-]{section.1}{\376\377\000L\000a\000b\000\040\0001\000:\000\040\000U\000s\000e\000\040\000C\000l\000a\000s\000s\000i\000c\000\040\000a\000n\000d\000\040\000M\000o\000d\000e\000r\000n\000\040\000E\000n\000c\000r\000y\000p\000t\000i\000o\000n\000\040\000A\000l\000g\000o\000r\000i\000t\000h\000m\000s}{}% 1
\BOOKMARK [2][-]{subsection.1.1}{\376\377\000U\000s\000e\000\040\000a\000\040\000C\000l\000a\000s\000s\000i\000c\000\040\000E\000n\000c\000r\000y\000p\000t\000i\000o\000n\000\040\000A\000l\000g\000o\000r\000i\000t\000h\000m}{section.1}% 2
\BOOKMARK [3][-]{subsubsection.1.1.1}{\376\377\000L\000a\000u\000n\000c\000h\000\040\000t\000h\000e\000\040\000C\000S\000E\000-\000L\000A\000B\000V\000M}{subsection.1.1}% 3
\BOOKMARK [3][-]{subsubsection.1.1.2}{\376\377\000O\000p\000e\000n\000\040\000a\000n\000d\000\040\000e\000x\000p\000l\000o\000r\000e\000\040\000t\000h\000e\000\040\000J\000C\000r\000y\000p\000T\000o\000o\000l}{subsection.1.1}% 4
\BOOKMARK [3][-]{subsubsection.1.1.3}{\376\377\000U\000s\000e\000\040\000t\000h\000e\000\040\000C\000a\000e\000s\000a\000r\000\040\000a\000l\000g\000o\000r\000i\000t\000h\000m\000\040\000t\000o\000\040\000e\000n\000c\000r\000y\000p\000t\000\040\000a\000\040\000t\000e\000x\000t\000\040\000m\000e\000s\000s\000a\000g\000e}{subsection.1.1}% 5
\BOOKMARK [3][-]{subsubsection.1.1.4}{\376\377\000D\000e\000c\000r\000y\000p\000t\000\040\000t\000h\000e\000\040\000e\000n\000c\000r\000y\000p\000t\000e\000d\000\040\000c\000i\000p\000h\000e\000r\000t\000e\000x\000t\000\040\000w\000i\000t\000h\000\040\000t\000h\000e\000\040\000C\000a\000e\000s\000a\000r\000\040\000a\000l\000g\000o\000r\000i\000t\000h\000m\000.}{subsection.1.1}% 6
\BOOKMARK [3][-]{subsubsection.1.1.5}{\376\377\000C\000h\000a\000n\000g\000e\000\040\000t\000h\000e\000\040\000C\000a\000e\000s\000a\000r\000\040\000a\000l\000g\000o\000r\000i\000t\000h\000m\000\040\000s\000e\000t\000t\000i\000n\000g\000s\000.}{subsection.1.1}% 7
\BOOKMARK [2][-]{subsection.1.2}{\376\377\000U\000s\000e\000\040\000a\000\040\000M\000o\000d\000e\000r\000n\000\040\000S\000y\000m\000m\000e\000t\000r\000i\000c\000a\000l\000\040\000E\000n\000c\000r\000y\000p\000t\000i\000o\000n\000\040\000A\000l\000g\000o\000r\000i\000t\000h\000m}{section.1}% 8
\BOOKMARK [3][-]{subsubsection.1.2.1}{\376\377\000U\000s\000e\000\040\000A\000E\000S\000\040\000e\000n\000c\000r\000y\000p\000t\000i\000o\000n\000\040\000t\000o\000\040\000e\000n\000c\000r\000y\000p\000t\000\040\000a\000\040\000t\000e\000x\000t\000\040\000m\000e\000s\000s\000a\000g\000e\000.}{subsection.1.2}% 9
\BOOKMARK [3][-]{subsubsection.1.2.2}{\376\377\000U\000s\000e\000\040\000A\000E\000S\000\040\000t\000o\000\040\000d\000e\000c\000r\000y\000p\000t\000\040\000a\000\040\000t\000e\000x\000t\000\040\000m\000e\000s\000s\000a\000g\000e\000.}{subsection.1.2}% 10
\BOOKMARK [2][-]{subsection.1.3}{\376\377\000U\000s\000e\000\040\000a\000\040\000M\000o\000d\000e\000r\000n\000\040\000A\000s\000y\000m\000m\000e\000t\000r\000i\000c\000a\000l\000\040\000E\000n\000c\000r\000y\000p\000t\000i\000o\000n\000\040\000A\000l\000g\000o\000r\000i\000t\000h\000m}{section.1}% 11
\BOOKMARK [3][-]{subsubsection.1.3.1}{\376\377\000U\000s\000e\000\040\000R\000S\000A\000\040\000a\000s\000y\000m\000m\000e\000t\000r\000i\000c\000a\000l\000\040\000e\000n\000c\000r\000y\000p\000t\000i\000o\000n\000\040\000t\000o\000\040\000e\000n\000c\000r\000y\000p\000t\000\040\000a\000\040\000t\000e\000x\000t\000\040\000f\000i\000l\000e\000.}{subsection.1.3}% 12
\BOOKMARK [3][-]{subsubsection.1.3.2}{\376\377\000U\000s\000e\000\040\000R\000S\000A\000\040\000a\000s\000y\000m\000m\000e\000t\000r\000i\000c\000a\000l\000\040\000e\000n\000c\000r\000y\000p\000t\000i\000o\000n\000\040\000t\000o\000\040\000d\000e\000c\000r\000y\000p\000t\000\040\000a\000\040\000t\000e\000x\000t\000\040\000f\000i\000l\000e\000.}{subsection.1.3}% 13
\BOOKMARK [1][-]{section.2}{\376\377\000L\000a\000b\000\040\0002\000:\000\040\000E\000n\000c\000r\000y\000p\000t\000i\000n\000g\000\040\000a\000n\000d\000\040\000D\000e\000c\000r\000y\000p\000t\000i\000n\000g\000\040\000D\000a\000t\000a\000\040\000u\000s\000i\000n\000g\000\040\000a\000\040\000H\000a\000c\000k\000e\000r\000\040\000T\000o\000o\000l}{}% 14
\BOOKMARK [2][-]{subsection.2.1}{\376\377\000C\000r\000e\000a\000t\000e\000\040\000a\000n\000d\000\040\000E\000n\000c\000r\000y\000p\000t\000\040\000F\000i\000l\000e\000s}{section.2}% 15
\BOOKMARK [3][-]{subsubsection.2.1.1}{\376\377\000C\000r\000e\000a\000t\000e\000\040\000t\000e\000x\000t\000\040\000f\000i\000l\000e\000s}{subsection.2.1}% 16
\BOOKMARK [3][-]{subsubsection.2.1.2}{\376\377\000Z\000i\000p\000\040\000a\000n\000d\000\040\000e\000n\000c\000r\000y\000p\000t\000\040\000t\000h\000e\000\040\000t\000e\000x\000t\000\040\000f\000i\000l\000e\000s\000.}{subsection.2.1}% 17
\BOOKMARK [2][-]{subsection.2.2}{\376\377\000R\000e\000c\000o\000v\000e\000r\000\040\000E\000n\000c\000r\000y\000p\000t\000e\000d\000\040\000Z\000i\000p\000\040\000F\000i\000l\000e\000\040\000P\000a\000s\000s\000w\000o\000r\000d\000s}{section.2}% 18
\BOOKMARK [3][-]{subsubsection.2.2.1}{\376\377\000I\000n\000t\000r\000o\000d\000u\000c\000t\000i\000o\000n\000\040\000t\000o\000\040\000f\000c\000r\000a\000c\000k\000z\000i\000p}{subsection.2.2}% 19
\BOOKMARK [3][-]{subsubsection.2.2.2}{\376\377\000R\000e\000c\000o\000v\000e\000r\000i\000n\000g\000\040\000P\000a\000s\000s\000w\000o\000r\000d\000s\000\040\000u\000s\000i\000n\000g\000\040\000f\000c\000r\000a\000c\000k\000z\000i\000p}{subsection.2.2}% 20
