\BOOKMARK [1][-]{section.1}{\376\377\000L\000a\000b\000\040\0001\000:\000\040\000C\000o\000n\000f\000i\000g\000u\000r\000i\000n\000g\000\040\000a\000\040\000F\000i\000r\000e\000w\000a\000l\000l}{}% 1
\BOOKMARK [2][-]{subsection.1.1}{\376\377\000O\000b\000j\000e\000c\000t\000i\000v\000e}{section.1}% 2
\BOOKMARK [2][-]{subsection.1.2}{\376\377\000K\000e\000y\000\040\000S\000t\000e\000p\000s\000\040\000a\000n\000d\000\040\000O\000b\000s\000e\000r\000v\000a\000t\000i\000o\000n\000s}{section.1}% 3
\BOOKMARK [3][-]{subsubsection.1.2.1}{\376\377\000I\000n\000s\000t\000a\000l\000l\000i\000n\000g\000\040\000a\000n\000d\000\040\000S\000t\000a\000r\000t\000i\000n\000g\000\040\000A\000p\000a\000c\000h\000e\000\040\000S\000e\000r\000v\000e\000r}{subsection.1.2}% 4
\BOOKMARK [3][-]{subsubsection.1.2.2}{\376\377\000T\000e\000s\000t\000i\000n\000g\000\040\000W\000e\000b\000\040\000S\000e\000r\000v\000e\000r\000\040\000A\000c\000c\000e\000s\000s}{subsection.1.2}% 5
\BOOKMARK [3][-]{subsubsection.1.2.3}{\376\377\000C\000o\000n\000f\000i\000g\000u\000r\000i\000n\000g\000\040\000F\000i\000r\000e\000w\000a\000l\000l\000\040\000R\000u\000l\000e\000s}{subsection.1.2}% 6
\BOOKMARK [3][-]{subsubsection.1.2.4}{\376\377\000A\000n\000a\000l\000y\000z\000i\000n\000g\000\040\000F\000i\000r\000e\000w\000a\000l\000l\000\040\000L\000o\000g\000s}{subsection.1.2}% 7
\BOOKMARK [2][-]{subsection.1.3}{\376\377\000L\000a\000b\000\040\0001\000\040\000C\000o\000n\000c\000l\000u\000s\000i\000o\000n}{section.1}% 8
\BOOKMARK [1][-]{section.2}{\376\377\000L\000a\000b\000\040\0002\000:\000\040\000U\000s\000i\000n\000g\000\040\000a\000\040\000P\000o\000r\000t\000\040\000S\000c\000a\000n\000n\000e\000r\000\040\000t\000o\000\040\000D\000e\000t\000e\000c\000t\000\040\000O\000p\000e\000n\000\040\000P\000o\000r\000t\000s}{}% 9
\BOOKMARK [2][-]{subsection.2.1}{\376\377\000O\000b\000j\000e\000c\000t\000i\000v\000e}{section.2}% 10
\BOOKMARK [2][-]{subsection.2.2}{\376\377\000T\000C\000P\000\040\000P\000o\000r\000t\000\040\000S\000c\000a\000n\000n\000i\000n\000g\000\040\000R\000e\000s\000u\000l\000t\000s}{section.2}% 11
\BOOKMARK [2][-]{subsection.2.3}{\376\377\000U\000D\000P\000\040\000P\000o\000r\000t\000\040\000S\000c\000a\000n\000n\000i\000n\000g\000\040\000R\000e\000s\000u\000l\000t\000s}{section.2}% 12
\BOOKMARK [2][-]{subsection.2.4}{\376\377\000S\000e\000r\000v\000i\000c\000e\000\040\000V\000e\000r\000s\000i\000o\000n\000\040\000D\000e\000t\000e\000c\000t\000i\000o\000n}{section.2}% 13
\BOOKMARK [2][-]{subsection.2.5}{\376\377\000S\000S\000H\000\040\000K\000e\000y\000\040\000I\000n\000f\000o\000r\000m\000a\000t\000i\000o\000n}{section.2}% 14
\BOOKMARK [2][-]{subsection.2.6}{\376\377\000L\000a\000b\000\040\0002\000\040\000C\000o\000n\000c\000l\000u\000s\000i\000o\000n}{section.2}% 15
\BOOKMARK [1][-]{section.3}{\376\377\000L\000a\000b\000\040\0003\000:\000\040\000H\000a\000s\000h\000i\000n\000g\000\040\000T\000h\000i\000n\000g\000s\000\040\000O\000u\000t}{}% 16
\BOOKMARK [2][-]{subsection.3.1}{\376\377\000P\000a\000r\000t\000\040\0001\000:\000\040\000H\000a\000s\000h\000i\000n\000g\000\040\000a\000\040\000T\000e\000x\000t\000\040\000F\000i\000l\000e\000\040\000w\000i\000t\000h\000\040\000O\000p\000e\000n\000S\000S\000L}{section.3}% 17
\BOOKMARK [3][-]{subsubsection.3.1.1}{\376\377\000I\000n\000i\000t\000i\000a\000l\000\040\000T\000e\000x\000t\000\040\000F\000i\000l\000e\000\040\000H\000a\000s\000h\000i\000n\000g}{subsection.3.1}% 18
\BOOKMARK [3][-]{subsubsection.3.1.2}{\376\377\000H\000a\000s\000h\000\040\000C\000o\000m\000p\000a\000r\000i\000s\000o\000n\000\040\000A\000f\000t\000e\000r\000\040\000F\000i\000l\000e\000\040\000M\000o\000d\000i\000f\000i\000c\000a\000t\000i\000o\000n}{subsection.3.1}% 19
\BOOKMARK [3][-]{subsubsection.3.1.3}{\376\377\000C\000o\000m\000p\000a\000r\000i\000n\000g\000\040\000D\000i\000f\000f\000e\000r\000e\000n\000t\000\040\000H\000a\000s\000h\000\040\000A\000l\000g\000o\000r\000i\000t\000h\000m\000s}{subsection.3.1}% 20
\BOOKMARK [2][-]{subsection.3.2}{\376\377\000P\000a\000r\000t\000\040\0002\000:\000\040\000V\000e\000r\000i\000f\000y\000i\000n\000g\000\040\000H\000a\000s\000h\000e\000s}{section.3}% 21
\BOOKMARK [3][-]{subsubsection.3.2.1}{\376\377\000H\000a\000s\000h\000\040\000V\000e\000r\000i\000f\000i\000c\000a\000t\000i\000o\000n\000\040\000P\000r\000o\000c\000e\000s\000s}{subsection.3.2}% 22
\BOOKMARK [2][-]{subsection.3.3}{\376\377\000L\000a\000b\000\040\0003\000\040\000C\000o\000n\000c\000l\000u\000s\000i\000o\000n}{section.3}% 23
